[0m22:42:18.720813 [debug] [MainThread]: Sending event: {'category': 'dbt', 'action': 'invocation', 'label': 'start', 'context': [<snowplow_tracker.self_describing_json.SelfDescribingJson object at 0x000001CFDF4536D0>, <snowplow_tracker.self_describing_json.SelfDescribingJson object at 0x000001CFE1ABBDC0>, <snowplow_tracker.self_describing_json.SelfDescribingJson object at 0x000001CFE1ABBB80>]}


============================== 22:42:18.727768 | d5e400c8-6256-4b0b-9bba-a143bdb23850 ==============================
[0m22:42:18.727768 [info ] [MainThread]: Running with dbt=1.12.0
[0m22:42:18.727768 [debug] [MainThread]: running dbt with arguments {'maximum_seed_size_mib': '1', 'no_print': 'None', 'version_check': 'True', 'target_path': 'None', 'static_parser': 'True', 'warn_error_options': 'WarnErrorOptionsV2(error=[], warn=[], silence=[])', 'printer_width': '80', 'write_json': 'True', 'empty': 'None', 'log_cache_events': 'False', 'introspect': 'True', 'cache_selected_only': 'False', 'log_format': 'default', 'debug': 'False', 'fail_fast': 'False', 'partial_parse': 'True', 'send_anonymous_usage_stats': 'True', 'quiet': 'False', 'warn_error': 'None', 'profiles_dir': 'C:\\Users\\66985\\.dbt', 'indirect_selection': 'eager', 'hints_enabled': 'True', 'use_colors': 'True', 'use_experimental_parser': 'False', 'invocation_command': 'dbt init job_trends', 'log_path': 'logs'}
[0m22:42:18.775472 [info ] [MainThread]: Creating dbt configuration folder at C:\Users\66985\.dbt
[0m22:42:18.781472 [debug] [MainThread]: Starter project path: c:\Users\66985\Documents\job-trends\.venv\lib\site-packages\dbt\include\starter_project
[0m22:42:18.912845 [info ] [MainThread]: Setting up your profile.
[0m22:43:12.567798 [info ] [MainThread]: Profile job_trends written to C:\Users\66985\.dbt\profiles.yml using target's profile_template.yml and your supplied values.
[0m22:43:12.573794 [info ] [MainThread]: Running dbt debug to validate the project...
[0m22:43:12.574793 [info ] [MainThread]: dbt version: 1.12.0
[0m22:43:12.575795 [info ] [MainThread]: python version: 3.10.1
[0m22:43:12.576802 [info ] [MainThread]: python path: c:\Users\66985\Documents\job-trends\.venv\Scripts\python.exe
[0m22:43:12.576802 [info ] [MainThread]: os info: Windows-10-10.0.26200-SP0
[0m22:43:12.653414 [info ] [MainThread]: Using profiles dir at C:\Users\66985\.dbt
[0m22:43:12.654509 [info ] [MainThread]: Using profiles.yml file at C:\Users\66985\.dbt\profiles.yml
[0m22:43:12.655631 [info ] [MainThread]: Using dbt_project.yml file at C:\Users\66985\Documents\job-trends\dbt\job_trends\dbt_project.yml
[0m22:43:12.657271 [info ] [MainThread]: adapter type: postgres
[0m22:43:12.658399 [info ] [MainThread]: adapter version: 1.11.0
[0m22:43:12.801107 [info ] [MainThread]: Configuration:
[0m22:43:12.801107 [info ] [MainThread]:   profiles.yml file [[32mOK found and valid[0m]
[0m22:43:12.802111 [info ] [MainThread]:   dbt_project.yml file [[32mOK found and valid[0m]
[0m22:43:12.803111 [info ] [MainThread]: Required dependencies:
[0m22:43:12.804111 [debug] [MainThread]: Executing "git --help"
[0m22:43:12.864112 [debug] [MainThread]: STDOUT: "b"usage: git [--version] [--help] [-C <path>] [-c <name>=<value>]\n           [--exec-path[=<path>]] [--html-path] [--man-path] [--info-path]\n           [-p | --paginate | -P | --no-pager] [--no-replace-objects] [--bare]\n           [--git-dir=<path>] [--work-tree=<path>] [--namespace=<name>]\n           [--super-prefix=<path>] [--config-env=<name>=<envvar>]\n           <command> [<args>]\n\nThese are common Git commands used in various situations:\n\nstart a working area (see also: git help tutorial)\n   clone     Clone a repository into a new directory\n   init      Create an empty Git repository or reinitialize an existing one\n\nwork on the current change (see also: git help everyday)\n   add       Add file contents to the index\n   mv        Move or rename a file, a directory, or a symlink\n   restore   Restore working tree files\n   rm        Remove files from the working tree and from the index\n\nexamine the history and state (see also: git help revisions)\n   bisect    Use binary search to find the commit that introduced a bug\n   diff      Show changes between commits, commit and working tree, etc\n   grep      Print lines matching a pattern\n   log       Show commit logs\n   show      Show various types of objects\n   status    Show the working tree status\n\ngrow, mark and tweak your common history\n   branch    List, create, or delete branches\n   commit    Record changes to the repository\n   merge     Join two or more development histories together\n   rebase    Reapply commits on top of another base tip\n   reset     Reset current HEAD to the specified state\n   switch    Switch branches\n   tag       Create, list, delete or verify a tag object signed with GPG\n\ncollaborate (see also: git help workflows)\n   fetch     Download objects and refs from another repository\n   pull      Fetch from and integrate with another repository or a local branch\n   push      Update remote refs along with associated objects\n\n'git help -a' and 'git help -g' list available subcommands and some\nconcept guides. See 'git help <command>' or 'git help <concept>'\nto read about a specific subcommand or concept.\nSee 'git help git' for an overview of the system.\n""
[0m22:43:12.865112 [debug] [MainThread]: STDERR: "b''"
[0m22:43:12.866112 [info ] [MainThread]:  - git [[32mOK found[0m]

[0m22:43:12.867117 [info ] [MainThread]: Connection:
[0m22:43:12.868122 [info ] [MainThread]:   host: localhost
[0m22:43:12.868122 [info ] [MainThread]:   port: 5432
[0m22:43:12.869117 [info ] [MainThread]:   user: admin
[0m22:43:12.870113 [info ] [MainThread]:   database: job_trends
[0m22:43:12.871112 [info ] [MainThread]:   schema: analytics
[0m22:43:12.871112 [info ] [MainThread]:   connect_timeout: 10
[0m22:43:12.872113 [info ] [MainThread]:   role: None
[0m22:43:12.873619 [info ] [MainThread]:   search_path: None
[0m22:43:12.874627 [info ] [MainThread]:   keepalives_idle: 0
[0m22:43:12.875683 [info ] [MainThread]:   sslmode: None
[0m22:43:12.876686 [info ] [MainThread]:   sslcert: None
[0m22:43:12.876686 [info ] [MainThread]:   sslkey: None
[0m22:43:12.877683 [info ] [MainThread]:   sslrootcert: None
[0m22:43:12.878683 [info ] [MainThread]:   application_name: dbt
[0m22:43:12.879687 [info ] [MainThread]:   autocommit: False
[0m22:43:12.880682 [info ] [MainThread]:   retries: 1
[0m22:43:12.881684 [info ] [MainThread]: Registered adapter: postgres=1.11.0
[0m22:43:13.539859 [debug] [MainThread]: Acquiring new postgres connection 'debug'
[0m22:43:17.272911 [debug] [MainThread]: Using postgres connection "debug"
[0m22:43:17.272911 [debug] [MainThread]: On debug: select 1 as id
[0m22:43:17.273912 [debug] [MainThread]: Opening a new connection, currently in state init
[0m22:43:17.333316 [debug] [MainThread]: SQL status: SELECT 1 in 0.060 seconds
[0m22:43:17.335349 [debug] [MainThread]: On debug: Close
[0m22:43:17.336319 [info ] [MainThread]:   Connection test: [[32mOK connection ok[0m]

[0m22:43:17.336319 [info ] [MainThread]: [32mAll checks passed![0m
[0m22:43:17.337313 [info ] [MainThread]: Your new dbt project "job_trends" was created!
Initialized new project in C:\Users\66985\Documents\job-trends\dbt\job_trends\job_trends

For more information on how to configure the profiles.yml file,
please consult the dbt documentation here:

  https://docs.getdbt.com/docs/configure-your-profile

One more thing:

Need help? Don't hesitate to reach out to us via GitHub issues or on Slack:

  https://community.getdbt.com/

Happy modeling!

[0m22:43:17.339318 [debug] [MainThread]: Command `dbt init` succeeded at 22:43:17.339318 after 58.77 seconds
[0m22:43:17.339318 [debug] [MainThread]: Connection 'debug' was properly closed.
[0m22:43:17.340315 [debug] [MainThread]: Sending event: {'category': 'dbt', 'action': 'invocation', 'label': 'end', 'context': [<snowplow_tracker.self_describing_json.SelfDescribingJson object at 0x000001CFDF4536D0>, <snowplow_tracker.self_describing_json.SelfDescribingJson object at 0x000001CFE1B60EE0>, <snowplow_tracker.self_describing_json.SelfDescribingJson object at 0x000001CFE1E39990>]}
[0m22:43:17.341318 [debug] [MainThread]: Flushing usage events
[0m22:43:17.998653 [debug] [MainThread]: An error was encountered while trying to flush usage events
